gene	skeletal phenotypic abnormalities in gene knockout mouse (IMPC)	Osteoporosis-associated genes
HSF1	-	fastenloc
YBX3	-	fastenloc
LHX8	-	smultixcan
LHX9	-	smultixcan, fastenloc
IRX5	-	smultixcan
IRX3	increased grip strength, decreased bone mineral content	-
SP2	-	smultixcan
SP5	increased grip strength	-
GATA4	-	smultixcan
ZSCAN16	-	smultixcan
BACH2	-	fastenloc
BACH1	increased bone mineral content, increased bone mineral density	fastenloc
SOX14	increased grip strength	-
SOX15	-	smultixcan
GTF2B	-	smultixcan, fastenloc
NFIL3	decreased bone mineral content	-
GTF2I	-	smultixcan, fastenloc
NR1H3	-	smultixcan
HOXB5	-	smultixcan
HOXC11	-	smultixcan
HOXC10	-	smultixcan
HOXC12	-	smultixcan
ING4	increased grip strength, short tibia	-
TFAP4	abnormal lumbar vertebrae morphology, abnormal sacral vertebrae morphology	smultixcan, fastenloc
SPDEF	-	fastenloc
PRDM4	short tibia	-
PRDM6	-	smultixcan, fastenloc
HES7	-	smultixcan
SMAD9	-	smultixcan, fastenloc
SMAD3	-	smultixcan, fastenloc
SPI1	-	smultixcan
HIC1	-	smultixcan, fastenloc
NR2F6	abnormal bone structure, decreased bone mineral content	-
RXRG	decreased grip strength, abnormal bone mineralization	-
BARX2	abnormal vertebrae morphology	-
BARX1	-	smultixcan, fastenloc
LTF	-	smultixcan
ARID5B	-	smultixcan, fastenloc
ARID5A	-	fastenloc
EMX1	decreased grip strength, increased bone mineral content, abnormal bone structure	-
HOXD12	-	smultixcan
ERG	-	smultixcan
SIM2	-	fastenloc
TWIST1	abnormal pelvic girdle bone morphology, abnormal vertebrae morphology, increased grip strength, abnormal cranium morphology, abnormal zygomatic bone morphology	smultixcan
KLF6	-	smultixcan
KLF1	-	smultixcan
CNOT3	decreased bone mineral density, decreased bone mineral content	fastenloc
KLF9	-	smultixcan
REST	-	smultixcan, fastenloc
HOXD3	-	smultixcan
E2F4	-	smultixcan
E2F2	-	smultixcan
E2F1	-	smultixcan, fastenloc
HMBOX1	abnormal sternum morphology	-
MBD2	-	fastenloc
ZNF460	-	smultixcan
ZNF335	-	smultixcan, fastenloc
KLF7	abnormal vertebrae morphology	-
RARG	-	smultixcan
NFE2L1	-	smultixcan, fastenloc
SIX1	-	smultixcan
CBFB	-	smultixcan
ZNF260	decreased bone mineral density, short tibia	-
GZF1	abnormal bone structure, short tibia	-
RELA	-	smultixcan
ZBTB48	abnormal bone structure	smultixcan, fastenloc
ZFHX3	-	fastenloc
ZFP82	-	fastenloc
SNAI1	-	smultixcan
RFX7	-	fastenloc
RFX2	-	fastenloc
ELK4	decreased bone mineral density, abnormal bone structure, increased bone mineral density	fastenloc
DBP	-	fastenloc
NFATC4	-	smultixcan
FOXP4	-	fastenloc
ZBTB7A	-	smultixcan, fastenloc
EN1	-	smultixcan
TCF4	-	smultixcan
RUNX2	abnormal pelvic girdle bone morphology, abnormal clavicle morphology, abnormal zygomatic bone morphology, abnormal vertebrae morphology, abnormal cranium morphology, decreased bone mineral content, abnormal humerus morphology, abnormal bone structure	smultixcan, fastenloc
GTF2IRD1	-	smultixcan
ZBTB49	-	fastenloc
PRDM14	abnormal bone structure, decreased bone mineral density, abnormal rib morphology, decreased bone mineral content, short tibia	-
MEF2D	-	fastenloc
CLOCK	abnormal caudal vertebrae morphology, abnormal cranium morphology, rib fusion	fastenloc
FOXE1	-	fastenloc
PITX3	increased grip strength	-
NHLH2	abnormal bone structure, decreased bone mineral density, decreased bone mineral content	-
SMAD5	-	smultixcan, fastenloc
ZBTB12	-	smultixcan
ZBTB17	-	smultixcan, fastenloc
MECOM	increased bone mineral content	smultixcan
ZNF341	-	smultixcan
TBX15	-	smultixcan, fastenloc
THAP1	increased grip strength	-
PITX1	-	smultixcan
SATB2	-	fastenloc
SATB1	increased bone mineral content, abnormal bone structure	-
FOXL1	-	smultixcan
BNC2	-	smultixcan
HOXA7	-	smultixcan
HOXA6	-	smultixcan
HOXA5	-	smultixcan
HOXA4	-	smultixcan
HOXA3	-	smultixcan
HOXA2	-	smultixcan
HOXA9	-	smultixcan
MTERF1	-	smultixcan
NFYA	decreased grip strength, increased bone mineral density	-
NR1D1	increased bone mineral content	-
SOX6	-	smultixcan
TFCP2	-	smultixcan
ZBTB4	-	smultixcan
PPARG	-	smultixcan
EBF3	-	smultixcan, fastenloc
MLX	increased bone mineral content	smultixcan
PBX3	increased bone mineral content, abnormal bone mineralization, increased bone mineral density	-
PPARD	-	smultixcan
BPTF	abnormal bone structure, vertebral fusion	fastenloc
HSF2	-	smultixcan
BBX	-	fastenloc
MEIS1	increased bone mineral content	smultixcan
RREB1	-	smultixcan
BHLHE41	-	smultixcan, fastenloc
THRA	decreased grip strength, increased bone mineral content, abnormal bone structure, short tibia, increased bone mineral density	-
ZNF713	-	smultixcan, fastenloc
BRCA1	-	smultixcan
HOXD8	-	smultixcan, fastenloc
HOXD9	-	smultixcan, fastenloc
HOXD4	-	smultixcan
CREB5	-	smultixcan
CREB3	-	smultixcan, fastenloc
TCF7L2	-	smultixcan, fastenloc
FOXA3	-	smultixcan
PRRX1	-	smultixcan
CRX	short tibia	-
FOXJ3	increased bone mineral content	-
ZNF436	-	smultixcan, fastenloc
EGR1	short tibia	-
FOS	-	smultixcan
FOXS1	-	smultixcan, fastenloc
SOX21	decreased grip strength	-
PAX9	-	fastenloc
PAX8	-	fastenloc
PKNOX2	-	smultixcan
ESR2	decreased bone mineral density, decreased bone mineral content	smultixcan, fastenloc
ZNF324	-	smultixcan
SIX6	-	smultixcan, fastenloc
TBX2	-	smultixcan
TBX3	increased grip strength	smultixcan
TBX4	-	smultixcan, fastenloc
MEOX1	-	smultixcan, fastenloc
MEOX2	-	smultixcan, fastenloc
STAT1	decreased bone mineral content	-
HOXA13	-	smultixcan
HOXA10	increased bone mineral content	smultixcan
FOSL2	-	smultixcan
FOXD2	-	fastenloc
TP53	-	smultixcan
NEUROD2	increased grip strength, short tibia	-
ESR1	-	smultixcan
NFATC1	-	smultixcan
GABPA	abnormal cranium morphology	-
FOXO3	decreased bone mineral density	-
PITX2	increased grip strength	-
FOXO1	-	smultixcan
FOXO6	-	smultixcan
TEAD3	-	smultixcan
KLF12	-	smultixcan
KLF11	-	smultixcan, fastenloc
TFAP2B	increased grip strength	-
SOX7	-	smultixcan
NFATC3	-	smultixcan
PLAG1	abnormal bone structure, increased grip strength, short tibia	smultixcan
ZNF423	-	smultixcan
ESRRA	increased grip strength	smultixcan
ESRRB	-	fastenloc
OSR2	-	smultixcan
ZNF524	-	fastenloc
ARID3A	-	smultixcan
FOXC2	-	smultixcan
ZNF75A	-	smultixcan
MAFB	-	fastenloc
ZNF76	-	smultixcan
MAFF	-	smultixcan, fastenloc
EOMES	decreased bone mineral content	-
ZNF146	increased grip strength	-
ZNF148	increased bone mineral density	-
RBPJ	decreased bone mineral density, increased grip strength	fastenloc
BDP1	-	fastenloc
MYC	decreased bone mineral density, increased grip strength, decreased bone mineral content, short tibia, abnormal bone structure	-
KLF4	decreased grip strength	-
THRB	-	fastenloc
PKNOX1	-	fastenloc
NKX6-2	-	smultixcan
NFAT5	-	smultixcan, fastenloc
ZKSCAN3	-	smultixcan
ZKSCAN5	-	smultixcan
HOXC9	-	smultixcan, fastenloc
VDR	-	smultixcan, fastenloc
FOXK2	decreased grip strength, decreased bone mineral density, decreased bone mineral content, abnormal bone structure	smultixcan, fastenloc
FOXK1	-	smultixcan, fastenloc
GLIS2	-	smultixcan, fastenloc
ZFP14	-	fastenloc
GLIS1	-	fastenloc
HOXC5	-	smultixcan, fastenloc
HOXC4	-	smultixcan, fastenloc
HOXC6	-	smultixcan, fastenloc
THAP11	-	smultixcan
DLX5	-	smultixcan, fastenloc
DLX6	-	smultixcan
LMX1B	-	smultixcan, fastenloc
SOX13	long tibia	-
ETV6	decreased bone mineral density	-
ZSCAN31	-	smultixcan
HOXD11	-	smultixcan
HOXC8	-	smultixcan, fastenloc
FOSB	-	smultixcan, fastenloc
IKZF4	-	smultixcan
GBX1	vertebral fusion, rib fusion	-
TEF	-	smultixcan
NFIC	-	fastenloc
HMGA1	-	smultixcan, fastenloc
HEY1	-	smultixcan
TRPS1	-	smultixcan
MTF1	-	smultixcan, fastenloc
ID4	-	smultixcan
TCF7L1	-	smultixcan, fastenloc
STAT5B	-	smultixcan
STAT5A	-	smultixcan
SREBF1	-	smultixcan, fastenloc
HIVEP1	-	fastenloc
HIVEP3	-	fastenloc
HMX3	decreased grip strength	-
HMX2	increased bone mineral content	-
BCL11A	-	fastenloc
OVOL1	-	smultixcan
XBP1	-	smultixcan, fastenloc
GRHL1	-	fastenloc
TCFL5	-	fastenloc
GLI3	-	smultixcan
ZNF418	-	fastenloc
NR3C2	-	fastenloc
MLXIPL	-	fastenloc
ZNF329	decreased grip strength	-
MYNN	decreased bone mineral content	-
FOXN3	-	smultixcan
DBX2	abnormal bone structure	-
NFIX	-	smultixcan, fastenloc
ZFP28	-	fastenloc
GFI1	-	smultixcan
ZFP57	-	smultixcan, fastenloc
ATF7	increased bone mineral density	smultixcan
ATF1	-	smultixcan
